******************************************************************************
                  TI ARM Linker PC v18.12.1                    
******************************************************************************
>> Linked Mon Apr 15 17:35:38 2019

OUTPUT FILE NAME:   <Assignment 2.out>
ENTRY POINT SYMBOL: "_c_int00_noargs"  address: 00000a5d


MEMORY CONFIGURATION

         name            origin    length      used     unused   attr    fill
----------------------  --------  ---------  --------  --------  ----  --------
  MAIN                  00000000   00040000  00000ae0  0003f520  R  X
  INFO                  00200000   00004000  00000000  00004000  R  X
  SRAM_CODE             01000000   00010000  00000204  0000fdfc  RW X
  SRAM_DATA             20000000   00010000  00000204  0000fdfc  RW  


SEGMENT ALLOCATION MAP

run origin  load origin   length   init length attrs members
----------  ----------- ---------- ----------- ----- -------
00000000    00000000    00000ae0   00000ae0    r-x
  00000000    00000000    000000e4   000000e4    r-- .intvecs
  000000e4    000000e4    000009e4   000009e4    r-x .text
  00000ac8    00000ac8    00000018   00000018    r-- .cinit
20000000    20000000    00000004   00000000    rw-
  20000000    20000000    00000004   00000000    rw- .data
2000fe00    2000fe00    00000200   00000000    rw-
  2000fe00    2000fe00    00000200   00000000    rw- .stack


SECTION ALLOCATION MAP

 output                                  attributes/
section   page    origin      length       input sections
--------  ----  ----------  ----------   ----------------
.intvecs   0    00000000    000000e4     
                  00000000    000000e4     startup_msp432p401r_ccs.obj (.intvecs:retain)

.text      0    000000e4    000009e4     
                  000000e4    000004fc     keypad.obj (.text)
                  000005e0    00000334     system_msp432p401r.obj (.text)
                  00000914    0000009c     rtsv7M4_T_le_v4SPD16_eabi.lib : memcpy_t2.asm.obj (.text)
                  000009b0    00000068                                   : copy_decompress_lzss.c.obj (.text:decompress:lzss:__TI_decompress_lzss)
                  00000a18    00000044                                   : autoinit.c.obj (.text:__TI_auto_init_nobinit_nopinit:__TI_auto_init_nobinit_nopinit)
                  00000a5c    00000034                                   : boot_cortex_m.c.obj (.text:_c_int00_noargs:_c_int00_noargs)
                  00000a90    00000014                                   : strlen.c.obj (.text:strlen)
                  00000aa4    0000000e                                   : copy_decompress_none.c.obj (.text:decompress:none:__TI_decompress_none)
                  00000ab2    0000000e     startup_msp432p401r_ccs.obj (.text)
                  00000ac0    00000004     rtsv7M4_T_le_v4SPD16_eabi.lib : pre_init.c.obj (.text:_system_pre_init)
                  00000ac4    00000004                                   : exit.c.obj (.text:abort:abort)

.cinit     0    00000ac8    00000018     
                  00000ac8    00000008     (.cinit..data.load) [load image, compression = lzss]
                  00000ad0    00000008     (__TI_handler_table)
                  00000ad8    00000008     (__TI_cinit_table)

.init_array 
*          0    00000000    00000000     UNINITIALIZED

.binit     0    00000000    00000000     

.data      0    20000000    00000004     UNINITIALIZED
                  20000000    00000004     system_msp432p401r.obj (.data)

.stack     0    2000fe00    00000200     UNINITIALIZED
                  2000fe00    00000004     rtsv7M4_T_le_v4SPD16_eabi.lib : boot_cortex_m.c.obj (.stack)
                  2000fe04    000001fc     --HOLE--

MODULE SUMMARY

       Module                        code   ro data   rw data
       ------                        ----   -------   -------
    .\
       keypad.obj                    1276   0         0      
       system_msp432p401r.obj        820    0         8      
       startup_msp432p401r_ccs.obj   14     228       0      
    +--+-----------------------------+------+---------+---------+
       Total:                        2110   228       8      
                                                             
    C:\Users\jonat\OneDrive\Documents\ccs\tools\compiler\ti-cgt-arm_18.12.1.LTS\lib\rtsv7M4_T_le_v4SPD16_eabi.lib
       memcpy_t2.asm.obj             156    0         0      
       copy_decompress_lzss.c.obj    104    0         0      
       autoinit.c.obj                68     0         0      
       boot_cortex_m.c.obj           52     0         0      
       strlen.c.obj                  20     0         0      
       copy_decompress_none.c.obj    14     0         0      
       exit.c.obj                    4      0         0      
       pre_init.c.obj                4      0         0      
    +--+-----------------------------+------+---------+---------+
       Total:                        422    0         0      
                                                             
       Stack:                        0      0         1024   
       Linker Generated:             0      24        0      
    +--+-----------------------------+------+---------+---------+
       Grand Total:                  2532   252       1032   


LINKER GENERATED COPY TABLES

__TI_cinit_table @ 00000ad8 records: 1, size/record: 8, table size: 8
	.data: load addr=00000ac8, load size=00000008 bytes, run addr=20000000, run size=00000004 bytes, compression=lzss


LINKER GENERATED HANDLER TABLE

__TI_handler_table @ 00000ad0 records: 2, size/record: 4, table size: 8
	index: 0, handler: __TI_decompress_lzss
	index: 1, handler: __TI_decompress_none


GLOBAL SYMBOLS: SORTED ALPHABETICALLY BY Name 

address   name                          
-------   ----                          
00000abf  ADC14_IRQHandler              
00000abf  AES256_IRQHandler             
00000abf  BusFault_Handler              
00000ac5  C$$EXIT                       
00000abf  COMP_E0_IRQHandler            
00000abf  COMP_E1_IRQHandler            
00000abf  CS_IRQHandler                 
0000039d  Clear_LCD                     
00000abf  DMA_ERR_IRQHandler            
00000abf  DMA_INT0_IRQHandler           
00000abf  DMA_INT1_IRQHandler           
00000abf  DMA_INT2_IRQHandler           
00000abf  DMA_INT3_IRQHandler           
00000abf  DebugMon_Handler              
00000abf  Default_Handler               
00000abf  EUSCIA0_IRQHandler            
00000abf  EUSCIA1_IRQHandler            
00000abf  EUSCIA2_IRQHandler            
00000abf  EUSCIA3_IRQHandler            
00000abf  EUSCIB0_IRQHandler            
00000abf  EUSCIB1_IRQHandler            
00000abf  EUSCIB2_IRQHandler            
00000abf  EUSCIB3_IRQHandler            
00000abf  FLCTL_IRQHandler              
00000abf  FPU_IRQHandler                
00000abf  HardFault_Handler             
000003a7  Home_LCD                      
000002cf  LCD_Instr                     
0000035b  LCD_init                      
00000abf  MemManage_Handler             
00000abf  NMI_Handler                   
00000abf  PCM_IRQHandler                
00000abf  PORT1_IRQHandler              
00000abf  PORT2_IRQHandler              
00000abf  PORT3_IRQHandler              
00000abf  PORT4_IRQHandler              
00000abf  PORT5_IRQHandler              
00000abf  PORT6_IRQHandler              
00000abf  PSS_IRQHandler                
00000abf  PendSV_Handler                
00000abf  RTC_C_IRQHandler              
00000ab3  Reset_Handler                 
00000abf  SVC_Handler                   
00000abf  SysTick_Handler               
20000000  SystemCoreClock               
000005e1  SystemCoreClockUpdate         
00000859  SystemInit                    
00000abf  T32_INT1_IRQHandler           
00000abf  T32_INT2_IRQHandler           
00000abf  T32_INTC_IRQHandler           
00000abf  TA0_0_IRQHandler              
00000abf  TA0_N_IRQHandler              
00000abf  TA1_0_IRQHandler              
00000abf  TA1_N_IRQHandler              
00000abf  TA2_0_IRQHandler              
00000abf  TA2_N_IRQHandler              
00000abf  TA3_0_IRQHandler              
00000abf  TA3_N_IRQHandler              
00000abf  UsageFault_Handler            
4000480c  WDTCTL_SYM                    
00000abf  WDT_A_IRQHandler              
000003bd  Write_char_LCD                
00000459  Write_string_LCD              
20010000  __STACK_END                   
00000200  __STACK_SIZE                  
00000ad8  __TI_CINIT_Base               
00000ae0  __TI_CINIT_Limit              
00000ad0  __TI_Handler_Table_Base       
00000ad8  __TI_Handler_Table_Limit      
00000a19  __TI_auto_init_nobinit_nopinit
000009b1  __TI_decompress_lzss          
00000aa5  __TI_decompress_none          
ffffffff  __TI_pprof_out_hndl           
ffffffff  __TI_prof_data_size           
ffffffff  __TI_prof_data_start          
00000000  __TI_static_base__            
00000915  __aeabi_memcpy                
00000915  __aeabi_memcpy4               
00000915  __aeabi_memcpy8               
ffffffff  __binit__                     
ffffffff  __c_args__                    
UNDEFED   __mpu_init                    
2000fe00  __stack                       
00000a5d  _c_int00_noargs               
UNDEFED   _system_post_cinit            
00000ac1  _system_pre_init              
00000ac5  abort                         
ffffffff  binit                         
000001af  delay_us                      
00000000  interruptVectors              
00000481  keypad_init                   
000004ab  keypad_sweep                  
00000571  main                          
00000915  memcpy                        
000000e5  set_DCO                       
00000a91  strlen                        


GLOBAL SYMBOLS: SORTED BY Symbol Address 

address   name                          
-------   ----                          
00000000  __TI_static_base__            
00000000  interruptVectors              
000000e5  set_DCO                       
000001af  delay_us                      
00000200  __STACK_SIZE                  
000002cf  LCD_Instr                     
0000035b  LCD_init                      
0000039d  Clear_LCD                     
000003a7  Home_LCD                      
000003bd  Write_char_LCD                
00000459  Write_string_LCD              
00000481  keypad_init                   
000004ab  keypad_sweep                  
00000571  main                          
000005e1  SystemCoreClockUpdate         
00000859  SystemInit                    
00000915  __aeabi_memcpy                
00000915  __aeabi_memcpy4               
00000915  __aeabi_memcpy8               
00000915  memcpy                        
000009b1  __TI_decompress_lzss          
00000a19  __TI_auto_init_nobinit_nopinit
00000a5d  _c_int00_noargs               
00000a91  strlen                        
00000aa5  __TI_decompress_none          
00000ab3  Reset_Handler                 
00000abf  ADC14_IRQHandler              
00000abf  AES256_IRQHandler             
00000abf  BusFault_Handler              
00000abf  COMP_E0_IRQHandler            
00000abf  COMP_E1_IRQHandler            
00000abf  CS_IRQHandler                 
00000abf  DMA_ERR_IRQHandler            
00000abf  DMA_INT0_IRQHandler           
00000abf  DMA_INT1_IRQHandler           
00000abf  DMA_INT2_IRQHandler           
00000abf  DMA_INT3_IRQHandler           
00000abf  DebugMon_Handler              
00000abf  Default_Handler               
00000abf  EUSCIA0_IRQHandler            
00000abf  EUSCIA1_IRQHandler            
00000abf  EUSCIA2_IRQHandler            
00000abf  EUSCIA3_IRQHandler            
00000abf  EUSCIB0_IRQHandler            
00000abf  EUSCIB1_IRQHandler            
00000abf  EUSCIB2_IRQHandler            
00000abf  EUSCIB3_IRQHandler            
00000abf  FLCTL_IRQHandler              
00000abf  FPU_IRQHandler                
00000abf  HardFault_Handler             
00000abf  MemManage_Handler             
00000abf  NMI_Handler                   
00000abf  PCM_IRQHandler                
00000abf  PORT1_IRQHandler              
00000abf  PORT2_IRQHandler              
00000abf  PORT3_IRQHandler              
00000abf  PORT4_IRQHandler              
00000abf  PORT5_IRQHandler              
00000abf  PORT6_IRQHandler              
00000abf  PSS_IRQHandler                
00000abf  PendSV_Handler                
00000abf  RTC_C_IRQHandler              
00000abf  SVC_Handler                   
00000abf  SysTick_Handler               
00000abf  T32_INT1_IRQHandler           
00000abf  T32_INT2_IRQHandler           
00000abf  T32_INTC_IRQHandler           
00000abf  TA0_0_IRQHandler              
00000abf  TA0_N_IRQHandler              
00000abf  TA1_0_IRQHandler              
00000abf  TA1_N_IRQHandler              
00000abf  TA2_0_IRQHandler              
00000abf  TA2_N_IRQHandler              
00000abf  TA3_0_IRQHandler              
00000abf  TA3_N_IRQHandler              
00000abf  UsageFault_Handler            
00000abf  WDT_A_IRQHandler              
00000ac1  _system_pre_init              
00000ac5  C$$EXIT                       
00000ac5  abort                         
00000ad0  __TI_Handler_Table_Base       
00000ad8  __TI_CINIT_Base               
00000ad8  __TI_Handler_Table_Limit      
00000ae0  __TI_CINIT_Limit              
20000000  SystemCoreClock               
2000fe00  __stack                       
20010000  __STACK_END                   
4000480c  WDTCTL_SYM                    
ffffffff  __TI_pprof_out_hndl           
ffffffff  __TI_prof_data_size           
ffffffff  __TI_prof_data_start          
ffffffff  __binit__                     
ffffffff  __c_args__                    
ffffffff  binit                         
UNDEFED   __mpu_init                    
UNDEFED   _system_post_cinit            

[96 symbols]
