******************************************************************************
                  TI ARM Linker PC v18.12.1                    
******************************************************************************
>> Linked Fri Apr 12 18:40:27 2019

OUTPUT FILE NAME:   <Assignment 2.out>
ENTRY POINT SYMBOL: "_c_int00_noargs"  address: 00000979


MEMORY CONFIGURATION

         name            origin    length      used     unused   attr    fill
----------------------  --------  ---------  --------  --------  ----  --------
  MAIN                  00000000   00040000  000009fc  0003f604  R  X
  INFO                  00200000   00004000  00000000  00004000  R  X
  SRAM_CODE             01000000   00010000  00000204  0000fdfc  RW X
  SRAM_DATA             20000000   00010000  00000204  0000fdfc  RW  


SEGMENT ALLOCATION MAP

run origin  load origin   length   init length attrs members
----------  ----------- ---------- ----------- ----- -------
00000000    00000000    00000a00   00000a00    r-x
  00000000    00000000    000000e4   000000e4    r-- .intvecs
  000000e4    000000e4    00000900   00000900    r-x .text
  000009e8    000009e8    00000018   00000018    r-- .cinit
20000000    20000000    00000004   00000000    rw-
  20000000    20000000    00000004   00000000    rw- .data
2000fe00    2000fe00    00000200   00000000    rw-
  2000fe00    2000fe00    00000200   00000000    rw- .stack


SECTION ALLOCATION MAP

 output                                  attributes/
section   page    origin      length       input sections
--------  ----  ----------  ----------   ----------------
.intvecs   0    00000000    000000e4     
                  00000000    000000e4     startup_msp432p401r_ccs.obj (.intvecs:retain)

.text      0    000000e4    00000900     
                  000000e4    00000418     LCD.obj (.text)
                  000004fc    00000334     system_msp432p401r.obj (.text)
                  00000830    0000009c     rtsv7M4_T_le_v4SPD16_eabi.lib : memcpy_t2.asm.obj (.text)
                  000008cc    00000068                                   : copy_decompress_lzss.c.obj (.text:decompress:lzss:__TI_decompress_lzss)
                  00000934    00000044                                   : autoinit.c.obj (.text:__TI_auto_init_nobinit_nopinit:__TI_auto_init_nobinit_nopinit)
                  00000978    00000034                                   : boot_cortex_m.c.obj (.text:_c_int00_noargs:_c_int00_noargs)
                  000009ac    00000014                                   : strlen.c.obj (.text:strlen)
                  000009c0    0000000e                                   : copy_decompress_none.c.obj (.text:decompress:none:__TI_decompress_none)
                  000009ce    0000000e     startup_msp432p401r_ccs.obj (.text)
                  000009dc    00000004     rtsv7M4_T_le_v4SPD16_eabi.lib : pre_init.c.obj (.text:_system_pre_init)
                  000009e0    00000004                                   : exit.c.obj (.text:abort:abort)

.cinit     0    000009e8    00000018     
                  000009e8    00000008     (.cinit..data.load) [load image, compression = lzss]
                  000009f0    00000008     (__TI_handler_table)
                  000009f8    00000008     (__TI_cinit_table)

.init_array 
*          0    00000000    00000000     UNINITIALIZED

.binit     0    00000000    00000000     

.data      0    20000000    00000004     UNINITIALIZED
                  20000000    00000004     system_msp432p401r.obj (.data)

.stack     0    2000fe00    00000200     UNINITIALIZED
                  2000fe00    00000004     rtsv7M4_T_le_v4SPD16_eabi.lib : boot_cortex_m.c.obj (.stack)
                  2000fe04    000001fc     --HOLE--

MODULE SUMMARY

       Module                        code   ro data   rw data
       ------                        ----   -------   -------
    .\
       LCD.obj                       1048   0         0      
       system_msp432p401r.obj        820    0         8      
       startup_msp432p401r_ccs.obj   14     228       0      
    +--+-----------------------------+------+---------+---------+
       Total:                        1882   228       8      
                                                             
    C:\Users\jonat\OneDrive\Documents\ccs\tools\compiler\ti-cgt-arm_18.12.1.LTS\lib\rtsv7M4_T_le_v4SPD16_eabi.lib
       memcpy_t2.asm.obj             156    0         0      
       copy_decompress_lzss.c.obj    104    0         0      
       autoinit.c.obj                68     0         0      
       boot_cortex_m.c.obj           52     0         0      
       strlen.c.obj                  20     0         0      
       copy_decompress_none.c.obj    14     0         0      
       exit.c.obj                    4      0         0      
       pre_init.c.obj                4      0         0      
    +--+-----------------------------+------+---------+---------+
       Total:                        422    0         0      
                                                             
       Stack:                        0      0         1024   
       Linker Generated:             0      24        0      
    +--+-----------------------------+------+---------+---------+
       Grand Total:                  2304   252       1032   


LINKER GENERATED COPY TABLES

__TI_cinit_table @ 000009f8 records: 1, size/record: 8, table size: 8
	.data: load addr=000009e8, load size=00000008 bytes, run addr=20000000, run size=00000004 bytes, compression=lzss


LINKER GENERATED HANDLER TABLE

__TI_handler_table @ 000009f0 records: 2, size/record: 4, table size: 8
	index: 0, handler: __TI_decompress_lzss
	index: 1, handler: __TI_decompress_none


GLOBAL SYMBOLS: SORTED ALPHABETICALLY BY Name 

address   name                          
-------   ----                          
000009db  ADC14_IRQHandler              
000009db  AES256_IRQHandler             
000009db  BusFault_Handler              
000009e1  C$$EXIT                       
000009db  COMP_E0_IRQHandler            
000009db  COMP_E1_IRQHandler            
000009db  CS_IRQHandler                 
0000039d  Clear_LCD                     
000009db  DMA_ERR_IRQHandler            
000009db  DMA_INT0_IRQHandler           
000009db  DMA_INT1_IRQHandler           
000009db  DMA_INT2_IRQHandler           
000009db  DMA_INT3_IRQHandler           
000009db  DebugMon_Handler              
000009db  Default_Handler               
000009db  EUSCIA0_IRQHandler            
000009db  EUSCIA1_IRQHandler            
000009db  EUSCIA2_IRQHandler            
000009db  EUSCIA3_IRQHandler            
000009db  EUSCIB0_IRQHandler            
000009db  EUSCIB1_IRQHandler            
000009db  EUSCIB2_IRQHandler            
000009db  EUSCIB3_IRQHandler            
000009db  FLCTL_IRQHandler              
000009db  FPU_IRQHandler                
000009db  HardFault_Handler             
000003a7  Home_LCD                      
000002cf  LCD_Instr                     
0000035b  LCD_initialize                
000009db  MemManage_Handler             
000009db  NMI_Handler                   
000009db  PCM_IRQHandler                
000009db  PORT1_IRQHandler              
000009db  PORT2_IRQHandler              
000009db  PORT3_IRQHandler              
000009db  PORT4_IRQHandler              
000009db  PORT5_IRQHandler              
000009db  PORT6_IRQHandler              
000009db  PSS_IRQHandler                
000009db  PendSV_Handler                
000009db  RTC_C_IRQHandler              
000009cf  Reset_Handler                 
000009db  SVC_Handler                   
000009db  SysTick_Handler               
20000000  SystemCoreClock               
000004fd  SystemCoreClockUpdate         
00000775  SystemInit                    
000009db  T32_INT1_IRQHandler           
000009db  T32_INT2_IRQHandler           
000009db  T32_INTC_IRQHandler           
000009db  TA0_0_IRQHandler              
000009db  TA0_N_IRQHandler              
000009db  TA1_0_IRQHandler              
000009db  TA1_N_IRQHandler              
000009db  TA2_0_IRQHandler              
000009db  TA2_N_IRQHandler              
000009db  TA3_0_IRQHandler              
000009db  TA3_N_IRQHandler              
000009db  UsageFault_Handler            
4000480c  WDTCTL_SYM                    
000009db  WDT_A_IRQHandler              
000003bd  Write_char_LCD                
00000459  Write_string_LCD              
20010000  __STACK_END                   
00000200  __STACK_SIZE                  
000009f8  __TI_CINIT_Base               
00000a00  __TI_CINIT_Limit              
000009f0  __TI_Handler_Table_Base       
000009f8  __TI_Handler_Table_Limit      
00000935  __TI_auto_init_nobinit_nopinit
000008cd  __TI_decompress_lzss          
000009c1  __TI_decompress_none          
ffffffff  __TI_pprof_out_hndl           
ffffffff  __TI_prof_data_size           
ffffffff  __TI_prof_data_start          
00000000  __TI_static_base__            
00000831  __aeabi_memcpy                
00000831  __aeabi_memcpy4               
00000831  __aeabi_memcpy8               
ffffffff  __binit__                     
ffffffff  __c_args__                    
UNDEFED   __mpu_init                    
2000fe00  __stack                       
00000979  _c_int00_noargs               
UNDEFED   _system_post_cinit            
000009dd  _system_pre_init              
000009e1  abort                         
ffffffff  binit                         
000001af  delay_us                      
00000000  interruptVectors              
00000481  main                          
00000831  memcpy                        
000000e5  set_DCO                       
000009ad  strlen                        


GLOBAL SYMBOLS: SORTED BY Symbol Address 

address   name                          
-------   ----                          
00000000  __TI_static_base__            
00000000  interruptVectors              
000000e5  set_DCO                       
000001af  delay_us                      
00000200  __STACK_SIZE                  
000002cf  LCD_Instr                     
0000035b  LCD_initialize                
0000039d  Clear_LCD                     
000003a7  Home_LCD                      
000003bd  Write_char_LCD                
00000459  Write_string_LCD              
00000481  main                          
000004fd  SystemCoreClockUpdate         
00000775  SystemInit                    
00000831  __aeabi_memcpy                
00000831  __aeabi_memcpy4               
00000831  __aeabi_memcpy8               
00000831  memcpy                        
000008cd  __TI_decompress_lzss          
00000935  __TI_auto_init_nobinit_nopinit
00000979  _c_int00_noargs               
000009ad  strlen                        
000009c1  __TI_decompress_none          
000009cf  Reset_Handler                 
000009db  ADC14_IRQHandler              
000009db  AES256_IRQHandler             
000009db  BusFault_Handler              
000009db  COMP_E0_IRQHandler            
000009db  COMP_E1_IRQHandler            
000009db  CS_IRQHandler                 
000009db  DMA_ERR_IRQHandler            
000009db  DMA_INT0_IRQHandler           
000009db  DMA_INT1_IRQHandler           
000009db  DMA_INT2_IRQHandler           
000009db  DMA_INT3_IRQHandler           
000009db  DebugMon_Handler              
000009db  Default_Handler               
000009db  EUSCIA0_IRQHandler            
000009db  EUSCIA1_IRQHandler            
000009db  EUSCIA2_IRQHandler            
000009db  EUSCIA3_IRQHandler            
000009db  EUSCIB0_IRQHandler            
000009db  EUSCIB1_IRQHandler            
000009db  EUSCIB2_IRQHandler            
000009db  EUSCIB3_IRQHandler            
000009db  FLCTL_IRQHandler              
000009db  FPU_IRQHandler                
000009db  HardFault_Handler             
000009db  MemManage_Handler             
000009db  NMI_Handler                   
000009db  PCM_IRQHandler                
000009db  PORT1_IRQHandler              
000009db  PORT2_IRQHandler              
000009db  PORT3_IRQHandler              
000009db  PORT4_IRQHandler              
000009db  PORT5_IRQHandler              
000009db  PORT6_IRQHandler              
000009db  PSS_IRQHandler                
000009db  PendSV_Handler                
000009db  RTC_C_IRQHandler              
000009db  SVC_Handler                   
000009db  SysTick_Handler               
000009db  T32_INT1_IRQHandler           
000009db  T32_INT2_IRQHandler           
000009db  T32_INTC_IRQHandler           
000009db  TA0_0_IRQHandler              
000009db  TA0_N_IRQHandler              
000009db  TA1_0_IRQHandler              
000009db  TA1_N_IRQHandler              
000009db  TA2_0_IRQHandler              
000009db  TA2_N_IRQHandler              
000009db  TA3_0_IRQHandler              
000009db  TA3_N_IRQHandler              
000009db  UsageFault_Handler            
000009db  WDT_A_IRQHandler              
000009dd  _system_pre_init              
000009e1  C$$EXIT                       
000009e1  abort                         
000009f0  __TI_Handler_Table_Base       
000009f8  __TI_CINIT_Base               
000009f8  __TI_Handler_Table_Limit      
00000a00  __TI_CINIT_Limit              
20000000  SystemCoreClock               
2000fe00  __stack                       
20010000  __STACK_END                   
4000480c  WDTCTL_SYM                    
ffffffff  __TI_pprof_out_hndl           
ffffffff  __TI_prof_data_size           
ffffffff  __TI_prof_data_start          
ffffffff  __binit__                     
ffffffff  __c_args__                    
ffffffff  binit                         
UNDEFED   __mpu_init                    
UNDEFED   _system_post_cinit            

[94 symbols]
