******************************************************************************
                  TI ARM Linker PC v18.12.1                    
******************************************************************************
>> Linked Sun Apr 21 18:57:29 2019

OUTPUT FILE NAME:   <Assignment 2.out>
ENTRY POINT SYMBOL: "_c_int00_noargs"  address: 00000c85


MEMORY CONFIGURATION

         name            origin    length      used     unused   attr    fill
----------------------  --------  ---------  --------  --------  ----  --------
  MAIN                  00000000   00040000  00000d08  0003f2f8  R  X
  INFO                  00200000   00004000  00000000  00004000  R  X
  SRAM_CODE             01000000   00010000  00000204  0000fdfc  RW X
  SRAM_DATA             20000000   00010000  00000204  0000fdfc  RW  


SEGMENT ALLOCATION MAP

run origin  load origin   length   init length attrs members
----------  ----------- ---------- ----------- ----- -------
00000000    00000000    00000d08   00000d08    r-x
  00000000    00000000    000000e4   000000e4    r-- .intvecs
  000000e4    000000e4    00000c0c   00000c0c    r-x .text
  00000cf0    00000cf0    00000018   00000018    r-- .cinit
20000000    20000000    00000004   00000000    rw-
  20000000    20000000    00000004   00000000    rw- .data
2000fe00    2000fe00    00000200   00000000    rw-
  2000fe00    2000fe00    00000200   00000000    rw- .stack


SECTION ALLOCATION MAP

 output                                  attributes/
section   page    origin      length       input sections
--------  ----  ----------  ----------   ----------------
.intvecs   0    00000000    000000e4     
                  00000000    000000e4     startup_msp432p401r_ccs.obj (.intvecs:retain)

.text      0    000000e4    00000c0c     
                  000000e4    00000334     system_msp432p401r.obj (.text)
                  00000418    000001bc     lock.obj (.text)
                  000005d4    000001ac     LCD.obj (.text)
                  00000780    00000184     main.obj (.text)
                  00000904    00000124     delay_us.obj (.text)
                  00000a28    00000114     keypad.obj (.text)
                  00000b3c    0000009c     rtsv7M4_T_le_v4SPD16_eabi.lib : memcpy_t2.asm.obj (.text)
                  00000bd8    00000068                                   : copy_decompress_lzss.c.obj (.text:decompress:lzss:__TI_decompress_lzss)
                  00000c40    00000044                                   : autoinit.c.obj (.text:__TI_auto_init_nobinit_nopinit:__TI_auto_init_nobinit_nopinit)
                  00000c84    00000034                                   : boot_cortex_m.c.obj (.text:_c_int00_noargs:_c_int00_noargs)
                  00000cb8    00000014                                   : strlen.c.obj (.text:strlen)
                  00000ccc    0000000e                                   : copy_decompress_none.c.obj (.text:decompress:none:__TI_decompress_none)
                  00000cda    0000000e     startup_msp432p401r_ccs.obj (.text)
                  00000ce8    00000004     rtsv7M4_T_le_v4SPD16_eabi.lib : pre_init.c.obj (.text:_system_pre_init)
                  00000cec    00000004                                   : exit.c.obj (.text:abort:abort)

.cinit     0    00000cf0    00000018     
                  00000cf0    00000008     (.cinit..data.load) [load image, compression = lzss]
                  00000cf8    00000008     (__TI_handler_table)
                  00000d00    00000008     (__TI_cinit_table)

.init_array 
*          0    00000000    00000000     UNINITIALIZED

.binit     0    00000000    00000000     

.data      0    20000000    00000004     UNINITIALIZED
                  20000000    00000004     system_msp432p401r.obj (.data)

.stack     0    2000fe00    00000200     UNINITIALIZED
                  2000fe00    00000004     rtsv7M4_T_le_v4SPD16_eabi.lib : boot_cortex_m.c.obj (.stack)
                  2000fe04    000001fc     --HOLE--

MODULE SUMMARY

       Module                        code   ro data   rw data
       ------                        ----   -------   -------
    .\
       system_msp432p401r.obj        820    0         8      
       lock.obj                      444    0         0      
       LCD.obj                       428    0         0      
       main.obj                      388    0         0      
       delay_us.obj                  292    0         0      
       keypad.obj                    276    0         0      
       startup_msp432p401r_ccs.obj   14     228       0      
    +--+-----------------------------+------+---------+---------+
       Total:                        2662   228       8      
                                                             
    D:\Apps\CCS\ccs\tools\compiler\ti-cgt-arm_18.12.1.LTS\lib\rtsv7M4_T_le_v4SPD16_eabi.lib
       memcpy_t2.asm.obj             156    0         0      
       copy_decompress_lzss.c.obj    104    0         0      
       autoinit.c.obj                68     0         0      
       boot_cortex_m.c.obj           52     0         0      
       strlen.c.obj                  20     0         0      
       copy_decompress_none.c.obj    14     0         0      
       exit.c.obj                    4      0         0      
       pre_init.c.obj                4      0         0      
    +--+-----------------------------+------+---------+---------+
       Total:                        422    0         0      
                                                             
       Stack:                        0      0         1024   
       Linker Generated:             0      24        0      
    +--+-----------------------------+------+---------+---------+
       Grand Total:                  3084   252       1032   


LINKER GENERATED COPY TABLES

__TI_cinit_table @ 00000d00 records: 1, size/record: 8, table size: 8
	.data: load addr=00000cf0, load size=00000008 bytes, run addr=20000000, run size=00000004 bytes, compression=lzss


LINKER GENERATED HANDLER TABLE

__TI_handler_table @ 00000cf8 records: 2, size/record: 4, table size: 8
	index: 0, handler: __TI_decompress_lzss
	index: 1, handler: __TI_decompress_none


GLOBAL SYMBOLS: SORTED ALPHABETICALLY BY Name 

address   name                          
-------   ----                          
00000ce7  ADC14_IRQHandler              
00000ce7  AES256_IRQHandler             
00000ce7  BusFault_Handler              
00000ced  C$$EXIT                       
00000ce7  COMP_E0_IRQHandler            
00000ce7  COMP_E1_IRQHandler            
00000ce7  CS_IRQHandler                 
00000419  Check_pound                   
00000ce7  DMA_ERR_IRQHandler            
00000ce7  DMA_INT0_IRQHandler           
00000ce7  DMA_INT1_IRQHandler           
00000ce7  DMA_INT2_IRQHandler           
00000ce7  DMA_INT3_IRQHandler           
00000ce7  DebugMon_Handler              
00000ce7  Default_Handler               
00000ce7  EUSCIA0_IRQHandler            
00000ce7  EUSCIA1_IRQHandler            
00000ce7  EUSCIA2_IRQHandler            
00000ce7  EUSCIA3_IRQHandler            
00000ce7  EUSCIB0_IRQHandler            
00000ce7  EUSCIB1_IRQHandler            
00000ce7  EUSCIB2_IRQHandler            
00000ce7  EUSCIB3_IRQHandler            
00000ce7  FLCTL_IRQHandler              
00000ce7  FPU_IRQHandler                
00000ce7  HardFault_Handler             
000005d5  LCD_Instr                     
000006c1  LCD_char_write                
000006a5  LCD_clear                     
000006b7  LCD_home                      
00000663  LCD_init                      
00000749  LCD_string_write              
00000433  Lock_fsm                      
000004d9  Lock_read_key                 
00000483  Lock_write                    
00000ce7  MemManage_Handler             
00000ce7  NMI_Handler                   
00000ce7  PCM_IRQHandler                
00000ce7  PORT1_IRQHandler              
00000ce7  PORT2_IRQHandler              
00000ce7  PORT3_IRQHandler              
00000569  PORT4_IRQHandler              
00000569  PORT4_IRQHandler              
00000ce7  PORT5_IRQHandler              
00000ce7  PORT6_IRQHandler              
00000ce7  PSS_IRQHandler                
00000ce7  PendSV_Handler                
00000ce7  RTC_C_IRQHandler              
00000cdb  Reset_Handler                 
00000ce7  SVC_Handler                   
00000ce7  SysTick_Handler               
20000000  SystemCoreClock               
000000e5  SystemCoreClockUpdate         
0000035d  SystemInit                    
00000ce7  T32_INT1_IRQHandler           
00000ce7  T32_INT2_IRQHandler           
00000ce7  T32_INTC_IRQHandler           
00000ce7  TA0_0_IRQHandler              
00000ce7  TA0_N_IRQHandler              
00000ce7  TA1_0_IRQHandler              
00000ce7  TA1_N_IRQHandler              
00000ce7  TA2_0_IRQHandler              
00000ce7  TA2_N_IRQHandler              
00000ce7  TA3_0_IRQHandler              
00000ce7  TA3_N_IRQHandler              
00000ce7  UsageFault_Handler            
4000480c  WDTCTL_SYM                    
00000ce7  WDT_A_IRQHandler              
20010000  __STACK_END                   
00000200  __STACK_SIZE                  
00000d00  __TI_CINIT_Base               
00000d08  __TI_CINIT_Limit              
00000cf8  __TI_Handler_Table_Base       
00000d00  __TI_Handler_Table_Limit      
00000c41  __TI_auto_init_nobinit_nopinit
00000bd9  __TI_decompress_lzss          
00000ccd  __TI_decompress_none          
ffffffff  __TI_pprof_out_hndl           
ffffffff  __TI_prof_data_size           
ffffffff  __TI_prof_data_start          
00000000  __TI_static_base__            
00000b3d  __aeabi_memcpy                
00000b3d  __aeabi_memcpy4               
00000b3d  __aeabi_memcpy8               
ffffffff  __binit__                     
ffffffff  __c_args__                    
UNDEFED   __mpu_init                    
2000fe00  __stack                       
00000c85  _c_int00_noargs               
UNDEFED   _system_post_cinit            
00000ce9  _system_pre_init              
00000ced  abort                         
ffffffff  binit                         
00000905  delay_us                      
00000000  interruptVectors              
00000a29  keypad_init                   
00000a5d  keypad_sweep                  
0000084b  main                          
00000b3d  memcpy                        
00000781  set_DCO                       
00000cb9  strlen                        


GLOBAL SYMBOLS: SORTED BY Symbol Address 

address   name                          
-------   ----                          
00000000  __TI_static_base__            
00000000  interruptVectors              
000000e5  SystemCoreClockUpdate         
00000200  __STACK_SIZE                  
0000035d  SystemInit                    
00000419  Check_pound                   
00000433  Lock_fsm                      
00000483  Lock_write                    
000004d9  Lock_read_key                 
00000569  PORT4_IRQHandler              
00000569  PORT4_IRQHandler              
000005d5  LCD_Instr                     
00000663  LCD_init                      
000006a5  LCD_clear                     
000006b7  LCD_home                      
000006c1  LCD_char_write                
00000749  LCD_string_write              
00000781  set_DCO                       
0000084b  main                          
00000905  delay_us                      
00000a29  keypad_init                   
00000a5d  keypad_sweep                  
00000b3d  __aeabi_memcpy                
00000b3d  __aeabi_memcpy4               
00000b3d  __aeabi_memcpy8               
00000b3d  memcpy                        
00000bd9  __TI_decompress_lzss          
00000c41  __TI_auto_init_nobinit_nopinit
00000c85  _c_int00_noargs               
00000cb9  strlen                        
00000ccd  __TI_decompress_none          
00000cdb  Reset_Handler                 
00000ce7  ADC14_IRQHandler              
00000ce7  AES256_IRQHandler             
00000ce7  BusFault_Handler              
00000ce7  COMP_E0_IRQHandler            
00000ce7  COMP_E1_IRQHandler            
00000ce7  CS_IRQHandler                 
00000ce7  DMA_ERR_IRQHandler            
00000ce7  DMA_INT0_IRQHandler           
00000ce7  DMA_INT1_IRQHandler           
00000ce7  DMA_INT2_IRQHandler           
00000ce7  DMA_INT3_IRQHandler           
00000ce7  DebugMon_Handler              
00000ce7  Default_Handler               
00000ce7  EUSCIA0_IRQHandler            
00000ce7  EUSCIA1_IRQHandler            
00000ce7  EUSCIA2_IRQHandler            
00000ce7  EUSCIA3_IRQHandler            
00000ce7  EUSCIB0_IRQHandler            
00000ce7  EUSCIB1_IRQHandler            
00000ce7  EUSCIB2_IRQHandler            
00000ce7  EUSCIB3_IRQHandler            
00000ce7  FLCTL_IRQHandler              
00000ce7  FPU_IRQHandler                
00000ce7  HardFault_Handler             
00000ce7  MemManage_Handler             
00000ce7  NMI_Handler                   
00000ce7  PCM_IRQHandler                
00000ce7  PORT1_IRQHandler              
00000ce7  PORT2_IRQHandler              
00000ce7  PORT3_IRQHandler              
00000ce7  PORT5_IRQHandler              
00000ce7  PORT6_IRQHandler              
00000ce7  PSS_IRQHandler                
00000ce7  PendSV_Handler                
00000ce7  RTC_C_IRQHandler              
00000ce7  SVC_Handler                   
00000ce7  SysTick_Handler               
00000ce7  T32_INT1_IRQHandler           
00000ce7  T32_INT2_IRQHandler           
00000ce7  T32_INTC_IRQHandler           
00000ce7  TA0_0_IRQHandler              
00000ce7  TA0_N_IRQHandler              
00000ce7  TA1_0_IRQHandler              
00000ce7  TA1_N_IRQHandler              
00000ce7  TA2_0_IRQHandler              
00000ce7  TA2_N_IRQHandler              
00000ce7  TA3_0_IRQHandler              
00000ce7  TA3_N_IRQHandler              
00000ce7  UsageFault_Handler            
00000ce7  WDT_A_IRQHandler              
00000ce9  _system_pre_init              
00000ced  C$$EXIT                       
00000ced  abort                         
00000cf8  __TI_Handler_Table_Base       
00000d00  __TI_CINIT_Base               
00000d00  __TI_Handler_Table_Limit      
00000d08  __TI_CINIT_Limit              
20000000  SystemCoreClock               
2000fe00  __stack                       
20010000  __STACK_END                   
4000480c  WDTCTL_SYM                    
ffffffff  __TI_pprof_out_hndl           
ffffffff  __TI_prof_data_size           
ffffffff  __TI_prof_data_start          
ffffffff  __binit__                     
ffffffff  __c_args__                    
ffffffff  binit                         
UNDEFED   __mpu_init                    
UNDEFED   _system_post_cinit            

[101 symbols]
