******************************************************************************
                  TI ARM Linker PC v18.12.1                    
******************************************************************************
>> Linked Thu Apr 11 19:13:38 2019

OUTPUT FILE NAME:   <Assignment 2.out>
ENTRY POINT SYMBOL: "_c_int00_noargs"  address: 000008d1


MEMORY CONFIGURATION

         name            origin    length      used     unused   attr    fill
----------------------  --------  ---------  --------  --------  ----  --------
  MAIN                  00000000   00040000  00000940  0003f6c0  R  X
  INFO                  00200000   00004000  00000000  00004000  R  X
  SRAM_CODE             01000000   00010000  00000204  0000fdfc  RW X
  SRAM_DATA             20000000   00010000  00000204  0000fdfc  RW  


SEGMENT ALLOCATION MAP

run origin  load origin   length   init length attrs members
----------  ----------- ---------- ----------- ----- -------
00000000    00000000    00000940   00000940    r-x
  00000000    00000000    000000e4   000000e4    r-- .intvecs
  000000e4    000000e4    00000844   00000844    r-x .text
  00000928    00000928    00000018   00000018    r-- .cinit
20000000    20000000    00000004   00000000    rw-
  20000000    20000000    00000004   00000000    rw- .data
2000fe00    2000fe00    00000200   00000000    rw-
  2000fe00    2000fe00    00000200   00000000    rw- .stack


SECTION ALLOCATION MAP

 output                                  attributes/
section   page    origin      length       input sections
--------  ----  ----------  ----------   ----------------
.intvecs   0    00000000    000000e4     
                  00000000    000000e4     startup_msp432p401r_ccs.obj (.intvecs:retain)

.text      0    000000e4    00000844     
                  000000e4    00000370     main.obj (.text)
                  00000454    00000334     system_msp432p401r.obj (.text)
                  00000788    0000009c     rtsv7M4_T_le_v4SPD16_eabi.lib : memcpy_t2.asm.obj (.text)
                  00000824    00000068                                   : copy_decompress_lzss.c.obj (.text:decompress:lzss:__TI_decompress_lzss)
                  0000088c    00000044                                   : autoinit.c.obj (.text:__TI_auto_init_nobinit_nopinit:__TI_auto_init_nobinit_nopinit)
                  000008d0    00000034                                   : boot_cortex_m.c.obj (.text:_c_int00_noargs:_c_int00_noargs)
                  00000904    0000000e                                   : copy_decompress_none.c.obj (.text:decompress:none:__TI_decompress_none)
                  00000912    0000000e     startup_msp432p401r_ccs.obj (.text)
                  00000920    00000004     rtsv7M4_T_le_v4SPD16_eabi.lib : pre_init.c.obj (.text:_system_pre_init)
                  00000924    00000004                                   : exit.c.obj (.text:abort:abort)

.cinit     0    00000928    00000018     
                  00000928    00000008     (.cinit..data.load) [load image, compression = lzss]
                  00000930    00000008     (__TI_handler_table)
                  00000938    00000008     (__TI_cinit_table)

.init_array 
*          0    00000000    00000000     UNINITIALIZED

.binit     0    00000000    00000000     

.data      0    20000000    00000004     UNINITIALIZED
                  20000000    00000004     system_msp432p401r.obj (.data)

.stack     0    2000fe00    00000200     UNINITIALIZED
                  2000fe00    00000004     rtsv7M4_T_le_v4SPD16_eabi.lib : boot_cortex_m.c.obj (.stack)
                  2000fe04    000001fc     --HOLE--

MODULE SUMMARY

       Module                        code   ro data   rw data
       ------                        ----   -------   -------
    .\
       main.obj                      880    0         0      
       system_msp432p401r.obj        820    0         8      
       startup_msp432p401r_ccs.obj   14     228       0      
    +--+-----------------------------+------+---------+---------+
       Total:                        1714   228       8      
                                                             
    D:\Apps\CCS\ccs\tools\compiler\ti-cgt-arm_18.12.1.LTS\lib\rtsv7M4_T_le_v4SPD16_eabi.lib
       memcpy_t2.asm.obj             156    0         0      
       copy_decompress_lzss.c.obj    104    0         0      
       autoinit.c.obj                68     0         0      
       boot_cortex_m.c.obj           52     0         0      
       copy_decompress_none.c.obj    14     0         0      
       exit.c.obj                    4      0         0      
       pre_init.c.obj                4      0         0      
    +--+-----------------------------+------+---------+---------+
       Total:                        402    0         0      
                                                             
       Stack:                        0      0         1024   
       Linker Generated:             0      24        0      
    +--+-----------------------------+------+---------+---------+
       Grand Total:                  2116   252       1032   


LINKER GENERATED COPY TABLES

__TI_cinit_table @ 00000938 records: 1, size/record: 8, table size: 8
	.data: load addr=00000928, load size=00000008 bytes, run addr=20000000, run size=00000004 bytes, compression=lzss


LINKER GENERATED HANDLER TABLE

__TI_handler_table @ 00000930 records: 2, size/record: 4, table size: 8
	index: 0, handler: __TI_decompress_lzss
	index: 1, handler: __TI_decompress_none


GLOBAL SYMBOLS: SORTED ALPHABETICALLY BY Name 

address   name                          
-------   ----                          
0000091f  ADC14_IRQHandler              
0000091f  AES256_IRQHandler             
0000091f  BusFault_Handler              
00000925  C$$EXIT                       
0000091f  COMP_E0_IRQHandler            
0000091f  COMP_E1_IRQHandler            
0000091f  CS_IRQHandler                 
0000091f  DMA_ERR_IRQHandler            
0000091f  DMA_INT0_IRQHandler           
0000091f  DMA_INT1_IRQHandler           
0000091f  DMA_INT2_IRQHandler           
0000091f  DMA_INT3_IRQHandler           
0000091f  DebugMon_Handler              
0000091f  Default_Handler               
0000091f  EUSCIA0_IRQHandler            
0000091f  EUSCIA1_IRQHandler            
0000091f  EUSCIA2_IRQHandler            
0000091f  EUSCIA3_IRQHandler            
0000091f  EUSCIB0_IRQHandler            
0000091f  EUSCIB1_IRQHandler            
0000091f  EUSCIB2_IRQHandler            
0000091f  EUSCIB3_IRQHandler            
0000091f  FLCTL_IRQHandler              
0000091f  FPU_IRQHandler                
0000091f  HardFault_Handler             
000002cf  LCD_Instr                     
00000371  LCD_Message                   
0000091f  MemManage_Handler             
0000091f  NMI_Handler                   
0000091f  PCM_IRQHandler                
0000091f  PORT1_IRQHandler              
0000091f  PORT2_IRQHandler              
0000091f  PORT3_IRQHandler              
0000091f  PORT4_IRQHandler              
0000091f  PORT5_IRQHandler              
0000091f  PORT6_IRQHandler              
0000091f  PSS_IRQHandler                
0000091f  PendSV_Handler                
0000091f  RTC_C_IRQHandler              
00000913  Reset_Handler                 
0000091f  SVC_Handler                   
0000091f  SysTick_Handler               
20000000  SystemCoreClock               
00000455  SystemCoreClockUpdate         
000006cd  SystemInit                    
0000091f  T32_INT1_IRQHandler           
0000091f  T32_INT2_IRQHandler           
0000091f  T32_INTC_IRQHandler           
0000091f  TA0_0_IRQHandler              
0000091f  TA0_N_IRQHandler              
0000091f  TA1_0_IRQHandler              
0000091f  TA1_N_IRQHandler              
0000091f  TA2_0_IRQHandler              
0000091f  TA2_N_IRQHandler              
0000091f  TA3_0_IRQHandler              
0000091f  TA3_N_IRQHandler              
0000091f  UsageFault_Handler            
4000480c  WDTCTL_SYM                    
0000091f  WDT_A_IRQHandler              
20010000  __STACK_END                   
00000200  __STACK_SIZE                  
00000938  __TI_CINIT_Base               
00000940  __TI_CINIT_Limit              
00000930  __TI_Handler_Table_Base       
00000938  __TI_Handler_Table_Limit      
0000088d  __TI_auto_init_nobinit_nopinit
00000825  __TI_decompress_lzss          
00000905  __TI_decompress_none          
ffffffff  __TI_pprof_out_hndl           
ffffffff  __TI_prof_data_size           
ffffffff  __TI_prof_data_start          
00000000  __TI_static_base__            
00000789  __aeabi_memcpy                
00000789  __aeabi_memcpy4               
00000789  __aeabi_memcpy8               
ffffffff  __binit__                     
ffffffff  __c_args__                    
UNDEFED   __mpu_init                    
2000fe00  __stack                       
000008d1  _c_int00_noargs               
UNDEFED   _system_post_cinit            
00000921  _system_pre_init              
00000925  abort                         
ffffffff  binit                         
000001af  delay_us                      
00000000  interruptVectors              
000003f1  main                          
00000789  memcpy                        
000000e5  set_DCO                       


GLOBAL SYMBOLS: SORTED BY Symbol Address 

address   name                          
-------   ----                          
00000000  __TI_static_base__            
00000000  interruptVectors              
000000e5  set_DCO                       
000001af  delay_us                      
00000200  __STACK_SIZE                  
000002cf  LCD_Instr                     
00000371  LCD_Message                   
000003f1  main                          
00000455  SystemCoreClockUpdate         
000006cd  SystemInit                    
00000789  __aeabi_memcpy                
00000789  __aeabi_memcpy4               
00000789  __aeabi_memcpy8               
00000789  memcpy                        
00000825  __TI_decompress_lzss          
0000088d  __TI_auto_init_nobinit_nopinit
000008d1  _c_int00_noargs               
00000905  __TI_decompress_none          
00000913  Reset_Handler                 
0000091f  ADC14_IRQHandler              
0000091f  AES256_IRQHandler             
0000091f  BusFault_Handler              
0000091f  COMP_E0_IRQHandler            
0000091f  COMP_E1_IRQHandler            
0000091f  CS_IRQHandler                 
0000091f  DMA_ERR_IRQHandler            
0000091f  DMA_INT0_IRQHandler           
0000091f  DMA_INT1_IRQHandler           
0000091f  DMA_INT2_IRQHandler           
0000091f  DMA_INT3_IRQHandler           
0000091f  DebugMon_Handler              
0000091f  Default_Handler               
0000091f  EUSCIA0_IRQHandler            
0000091f  EUSCIA1_IRQHandler            
0000091f  EUSCIA2_IRQHandler            
0000091f  EUSCIA3_IRQHandler            
0000091f  EUSCIB0_IRQHandler            
0000091f  EUSCIB1_IRQHandler            
0000091f  EUSCIB2_IRQHandler            
0000091f  EUSCIB3_IRQHandler            
0000091f  FLCTL_IRQHandler              
0000091f  FPU_IRQHandler                
0000091f  HardFault_Handler             
0000091f  MemManage_Handler             
0000091f  NMI_Handler                   
0000091f  PCM_IRQHandler                
0000091f  PORT1_IRQHandler              
0000091f  PORT2_IRQHandler              
0000091f  PORT3_IRQHandler              
0000091f  PORT4_IRQHandler              
0000091f  PORT5_IRQHandler              
0000091f  PORT6_IRQHandler              
0000091f  PSS_IRQHandler                
0000091f  PendSV_Handler                
0000091f  RTC_C_IRQHandler              
0000091f  SVC_Handler                   
0000091f  SysTick_Handler               
0000091f  T32_INT1_IRQHandler           
0000091f  T32_INT2_IRQHandler           
0000091f  T32_INTC_IRQHandler           
0000091f  TA0_0_IRQHandler              
0000091f  TA0_N_IRQHandler              
0000091f  TA1_0_IRQHandler              
0000091f  TA1_N_IRQHandler              
0000091f  TA2_0_IRQHandler              
0000091f  TA2_N_IRQHandler              
0000091f  TA3_0_IRQHandler              
0000091f  TA3_N_IRQHandler              
0000091f  UsageFault_Handler            
0000091f  WDT_A_IRQHandler              
00000921  _system_pre_init              
00000925  C$$EXIT                       
00000925  abort                         
00000930  __TI_Handler_Table_Base       
00000938  __TI_CINIT_Base               
00000938  __TI_Handler_Table_Limit      
00000940  __TI_CINIT_Limit              
20000000  SystemCoreClock               
2000fe00  __stack                       
20010000  __STACK_END                   
4000480c  WDTCTL_SYM                    
ffffffff  __TI_pprof_out_hndl           
ffffffff  __TI_prof_data_size           
ffffffff  __TI_prof_data_start          
ffffffff  __binit__                     
ffffffff  __c_args__                    
ffffffff  binit                         
UNDEFED   __mpu_init                    
UNDEFED   _system_post_cinit            

[89 symbols]
