******************************************************************************
                  TI ARM Linker PC v18.12.1                    
******************************************************************************
>> Linked Fri May 10 13:50:12 2019

OUTPUT FILE NAME:   <Assignment 2.out>
ENTRY POINT SYMBOL: "_c_int00_noargs"  address: 00000e51


MEMORY CONFIGURATION

         name            origin    length      used     unused   attr    fill
----------------------  --------  ---------  --------  --------  ----  --------
  MAIN                  00000000   00040000  00000ed4  0003f12c  R  X
  INFO                  00200000   00004000  00000000  00004000  R  X
  SRAM_CODE             01000000   00010000  00000204  0000fdfc  RW X
  SRAM_DATA             20000000   00010000  00000204  0000fdfc  RW  


SEGMENT ALLOCATION MAP

run origin  load origin   length   init length attrs members
----------  ----------- ---------- ----------- ----- -------
00000000    00000000    00000ed8   00000ed8    r-x
  00000000    00000000    000000e4   000000e4    r-- .intvecs
  000000e4    000000e4    00000dd8   00000dd8    r-x .text
  00000ec0    00000ec0    00000018   00000018    r-- .cinit
20000000    20000000    00000004   00000000    rw-
  20000000    20000000    00000004   00000000    rw- .data
2000fe00    2000fe00    00000200   00000000    rw-
  2000fe00    2000fe00    00000200   00000000    rw- .stack


SECTION ALLOCATION MAP

 output                                  attributes/
section   page    origin      length       input sections
--------  ----  ----------  ----------   ----------------
.intvecs   0    00000000    000000e4     
                  00000000    000000e4     startup_msp432p401r_ccs.obj (.intvecs:retain)

.text      0    000000e4    00000dd8     
                  000000e4    00000334     system_msp432p401r.obj (.text)
                  00000418    000001bc     lock.obj (.text)
                  000005d4    000001ac     LCD.obj (.text)
                  00000780    00000124     delay_us.obj (.text)
                  000008a4    00000114     keypad.obj (.text)
                  000009b8    000000f4     set_dco.obj (.text)
                  00000aac    000000ec     timer.obj (.text)
                  00000b98    000000d0     spi.obj (.text)
                  00000c68    000000a0     main.obj (.text)
                  00000d08    0000009c     rtsv7M4_T_le_v4SPD16_eabi.lib : memcpy_t2.asm.obj (.text)
                  00000da4    00000068                                   : copy_decompress_lzss.c.obj (.text:decompress:lzss:__TI_decompress_lzss)
                  00000e0c    00000044                                   : autoinit.c.obj (.text:__TI_auto_init_nobinit_nopinit:__TI_auto_init_nobinit_nopinit)
                  00000e50    00000034                                   : boot_cortex_m.c.obj (.text:_c_int00_noargs:_c_int00_noargs)
                  00000e84    00000014                                   : strlen.c.obj (.text:strlen)
                  00000e98    0000000e                                   : copy_decompress_none.c.obj (.text:decompress:none:__TI_decompress_none)
                  00000ea6    0000000e     startup_msp432p401r_ccs.obj (.text)
                  00000eb4    00000004     rtsv7M4_T_le_v4SPD16_eabi.lib : pre_init.c.obj (.text:_system_pre_init)
                  00000eb8    00000004                                   : exit.c.obj (.text:abort:abort)

.cinit     0    00000ec0    00000018     
                  00000ec0    00000008     (.cinit..data.load) [load image, compression = lzss]
                  00000ec8    00000008     (__TI_handler_table)
                  00000ed0    00000008     (__TI_cinit_table)

.init_array 
*          0    00000000    00000000     UNINITIALIZED

.binit     0    00000000    00000000     

.data      0    20000000    00000004     UNINITIALIZED
                  20000000    00000004     system_msp432p401r.obj (.data)

.stack     0    2000fe00    00000200     UNINITIALIZED
                  2000fe00    00000004     rtsv7M4_T_le_v4SPD16_eabi.lib : boot_cortex_m.c.obj (.stack)
                  2000fe04    000001fc     --HOLE--

MODULE SUMMARY

       Module                        code   ro data   rw data
       ------                        ----   -------   -------
    .\
       system_msp432p401r.obj        820    0         8      
       lock.obj                      444    0         0      
       LCD.obj                       428    0         0      
       delay_us.obj                  292    0         0      
       keypad.obj                    276    0         0      
       set_dco.obj                   244    0         0      
       startup_msp432p401r_ccs.obj   14     228       0      
       timer.obj                     236    0         0      
       spi.obj                       208    0         0      
       main.obj                      160    0         0      
    +--+-----------------------------+------+---------+---------+
       Total:                        3122   228       8      
                                                             
    D:\Apps\CCS\ccs\tools\compiler\ti-cgt-arm_18.12.1.LTS\lib\rtsv7M4_T_le_v4SPD16_eabi.lib
       memcpy_t2.asm.obj             156    0         0      
       copy_decompress_lzss.c.obj    104    0         0      
       autoinit.c.obj                68     0         0      
       boot_cortex_m.c.obj           52     0         0      
       strlen.c.obj                  20     0         0      
       copy_decompress_none.c.obj    14     0         0      
       exit.c.obj                    4      0         0      
       pre_init.c.obj                4      0         0      
    +--+-----------------------------+------+---------+---------+
       Total:                        422    0         0      
                                                             
       Stack:                        0      0         1024   
       Linker Generated:             0      24        0      
    +--+-----------------------------+------+---------+---------+
       Grand Total:                  3544   252       1032   


LINKER GENERATED COPY TABLES

__TI_cinit_table @ 00000ed0 records: 1, size/record: 8, table size: 8
	.data: load addr=00000ec0, load size=00000008 bytes, run addr=20000000, run size=00000004 bytes, compression=lzss


LINKER GENERATED HANDLER TABLE

__TI_handler_table @ 00000ec8 records: 2, size/record: 4, table size: 8
	index: 0, handler: __TI_decompress_lzss
	index: 1, handler: __TI_decompress_none


GLOBAL SYMBOLS: SORTED ALPHABETICALLY BY Name 

address   name                          
-------   ----                          
00000eb3  ADC14_IRQHandler              
00000eb3  AES256_IRQHandler             
00000eb3  BusFault_Handler              
00000eb9  C$$EXIT                       
00000eb3  COMP_E0_IRQHandler            
00000eb3  COMP_E1_IRQHandler            
00000eb3  CS_IRQHandler                 
00000419  Check_pound                   
00000eb3  DMA_ERR_IRQHandler            
00000eb3  DMA_INT0_IRQHandler           
00000eb3  DMA_INT1_IRQHandler           
00000eb3  DMA_INT2_IRQHandler           
00000eb3  DMA_INT3_IRQHandler           
00000eb3  DebugMon_Handler              
00000eb3  Default_Handler               
00000eb3  EUSCIA0_IRQHandler            
00000eb3  EUSCIA1_IRQHandler            
00000eb3  EUSCIA2_IRQHandler            
00000eb3  EUSCIA3_IRQHandler            
00000eb3  EUSCIB0_IRQHandler            
00000eb3  EUSCIB1_IRQHandler            
00000eb3  EUSCIB2_IRQHandler            
00000eb3  EUSCIB3_IRQHandler            
00000eb3  FLCTL_IRQHandler              
00000eb3  FPU_IRQHandler                
00000eb3  HardFault_Handler             
000005d5  LCD_Instr                     
000006c1  LCD_char_write                
000006a5  LCD_clear                     
000006b7  LCD_home                      
00000663  LCD_init                      
00000749  LCD_string_write              
00000433  Lock_fsm                      
000004d9  Lock_read_key                 
00000483  Lock_write                    
00000eb3  MemManage_Handler             
00000eb3  NMI_Handler                   
00000eb3  PCM_IRQHandler                
00000eb3  PORT1_IRQHandler              
00000eb3  PORT2_IRQHandler              
00000eb3  PORT3_IRQHandler              
00000569  PORT4_IRQHandler              
00000569  PORT4_IRQHandler              
00000eb3  PORT5_IRQHandler              
00000eb3  PORT6_IRQHandler              
00000eb3  PSS_IRQHandler                
00000eb3  PendSV_Handler                
00000eb3  RTC_C_IRQHandler              
00000ea7  Reset_Handler                 
00000be3  SPI_TX                        
00000b99  SPI_init                      
00000eb3  SVC_Handler                   
00000eb3  SysTick_Handler               
20000000  SystemCoreClock               
000000e5  SystemCoreClockUpdate         
0000035d  SystemInit                    
00000eb3  T32_INT1_IRQHandler           
00000eb3  T32_INT2_IRQHandler           
00000eb3  T32_INTC_IRQHandler           
00000b85  TA0_0_IRQHandler              
00000b85  TA0_0_IRQHandler              
00000b91  TA0_N_IRQHandler              
00000b91  TA0_N_IRQHandler              
00000eb3  TA1_0_IRQHandler              
00000eb3  TA1_N_IRQHandler              
00000eb3  TA2_0_IRQHandler              
00000eb3  TA2_N_IRQHandler              
00000eb3  TA3_0_IRQHandler              
00000eb3  TA3_N_IRQHandler              
00000aad  Timer_A_init                  
00000eb3  UsageFault_Handler            
4000480c  WDTCTL_SYM                    
00000eb3  WDT_A_IRQHandler              
20010000  __STACK_END                   
00000200  __STACK_SIZE                  
00000ed0  __TI_CINIT_Base               
00000ed8  __TI_CINIT_Limit              
00000ec8  __TI_Handler_Table_Base       
00000ed0  __TI_Handler_Table_Limit      
00000e0d  __TI_auto_init_nobinit_nopinit
00000da5  __TI_decompress_lzss          
00000e99  __TI_decompress_none          
ffffffff  __TI_pprof_out_hndl           
ffffffff  __TI_prof_data_size           
ffffffff  __TI_prof_data_start          
00000000  __TI_static_base__            
00000d09  __aeabi_memcpy                
00000d09  __aeabi_memcpy4               
00000d09  __aeabi_memcpy8               
ffffffff  __binit__                     
ffffffff  __c_args__                    
UNDEFED   __mpu_init                    
2000fe00  __stack                       
00000e51  _c_int00_noargs               
UNDEFED   _system_post_cinit            
00000eb5  _system_pre_init              
00000eb9  abort                         
ffffffff  binit                         
00000781  delay_us                      
00000000  interruptVectors              
000008a5  keypad_init                   
000008d9  keypad_sweep                  
00000c69  main                          
00000d09  memcpy                        
000009b9  set_DCO                       
00000e85  strlen                        


GLOBAL SYMBOLS: SORTED BY Symbol Address 

address   name                          
-------   ----                          
00000000  __TI_static_base__            
00000000  interruptVectors              
000000e5  SystemCoreClockUpdate         
00000200  __STACK_SIZE                  
0000035d  SystemInit                    
00000419  Check_pound                   
00000433  Lock_fsm                      
00000483  Lock_write                    
000004d9  Lock_read_key                 
00000569  PORT4_IRQHandler              
00000569  PORT4_IRQHandler              
000005d5  LCD_Instr                     
00000663  LCD_init                      
000006a5  LCD_clear                     
000006b7  LCD_home                      
000006c1  LCD_char_write                
00000749  LCD_string_write              
00000781  delay_us                      
000008a5  keypad_init                   
000008d9  keypad_sweep                  
000009b9  set_DCO                       
00000aad  Timer_A_init                  
00000b85  TA0_0_IRQHandler              
00000b85  TA0_0_IRQHandler              
00000b91  TA0_N_IRQHandler              
00000b91  TA0_N_IRQHandler              
00000b99  SPI_init                      
00000be3  SPI_TX                        
00000c69  main                          
00000d09  __aeabi_memcpy                
00000d09  __aeabi_memcpy4               
00000d09  __aeabi_memcpy8               
00000d09  memcpy                        
00000da5  __TI_decompress_lzss          
00000e0d  __TI_auto_init_nobinit_nopinit
00000e51  _c_int00_noargs               
00000e85  strlen                        
00000e99  __TI_decompress_none          
00000ea7  Reset_Handler                 
00000eb3  ADC14_IRQHandler              
00000eb3  AES256_IRQHandler             
00000eb3  BusFault_Handler              
00000eb3  COMP_E0_IRQHandler            
00000eb3  COMP_E1_IRQHandler            
00000eb3  CS_IRQHandler                 
00000eb3  DMA_ERR_IRQHandler            
00000eb3  DMA_INT0_IRQHandler           
00000eb3  DMA_INT1_IRQHandler           
00000eb3  DMA_INT2_IRQHandler           
00000eb3  DMA_INT3_IRQHandler           
00000eb3  DebugMon_Handler              
00000eb3  Default_Handler               
00000eb3  EUSCIA0_IRQHandler            
00000eb3  EUSCIA1_IRQHandler            
00000eb3  EUSCIA2_IRQHandler            
00000eb3  EUSCIA3_IRQHandler            
00000eb3  EUSCIB0_IRQHandler            
00000eb3  EUSCIB1_IRQHandler            
00000eb3  EUSCIB2_IRQHandler            
00000eb3  EUSCIB3_IRQHandler            
00000eb3  FLCTL_IRQHandler              
00000eb3  FPU_IRQHandler                
00000eb3  HardFault_Handler             
00000eb3  MemManage_Handler             
00000eb3  NMI_Handler                   
00000eb3  PCM_IRQHandler                
00000eb3  PORT1_IRQHandler              
00000eb3  PORT2_IRQHandler              
00000eb3  PORT3_IRQHandler              
00000eb3  PORT5_IRQHandler              
00000eb3  PORT6_IRQHandler              
00000eb3  PSS_IRQHandler                
00000eb3  PendSV_Handler                
00000eb3  RTC_C_IRQHandler              
00000eb3  SVC_Handler                   
00000eb3  SysTick_Handler               
00000eb3  T32_INT1_IRQHandler           
00000eb3  T32_INT2_IRQHandler           
00000eb3  T32_INTC_IRQHandler           
00000eb3  TA1_0_IRQHandler              
00000eb3  TA1_N_IRQHandler              
00000eb3  TA2_0_IRQHandler              
00000eb3  TA2_N_IRQHandler              
00000eb3  TA3_0_IRQHandler              
00000eb3  TA3_N_IRQHandler              
00000eb3  UsageFault_Handler            
00000eb3  WDT_A_IRQHandler              
00000eb5  _system_pre_init              
00000eb9  C$$EXIT                       
00000eb9  abort                         
00000ec8  __TI_Handler_Table_Base       
00000ed0  __TI_CINIT_Base               
00000ed0  __TI_Handler_Table_Limit      
00000ed8  __TI_CINIT_Limit              
20000000  SystemCoreClock               
2000fe00  __stack                       
20010000  __STACK_END                   
4000480c  WDTCTL_SYM                    
ffffffff  __TI_pprof_out_hndl           
ffffffff  __TI_prof_data_size           
ffffffff  __TI_prof_data_start          
ffffffff  __binit__                     
ffffffff  __c_args__                    
ffffffff  binit                         
UNDEFED   __mpu_init                    
UNDEFED   _system_post_cinit            

[106 symbols]
